2026-09-27 12:36:04 | DEBUG    | SecurityPipeline | load_configuration:601 | No config file found, using defaults
2026-09-27 12:36:04 | INFO     | SecurityPipeline | execute_pipeline:2072 | ======================================================================
2026-09-27 12:36:04 | INFO     | SecurityPipeline | execute_pipeline:2073 | SECURITY AI PIPELINE ORCHESTRATOR
2026-09-27 12:36:04 | INFO     | SecurityPipeline | execute_pipeline:2074 |   Run ID:  default_default_20260927_123604
2026-09-27 12:36:04 | INFO     | SecurityPipeline | execute_pipeline:2075 |   Client:  default
2026-09-27 12:36:04 | INFO     | SecurityPipeline | execute_pipeline:2081 |   Period:  current
2026-09-27 12:36:04 | INFO     | SecurityPipeline | execute_pipeline:2082 |   Version: 9.0.0
2026-09-27 12:36:04 | INFO     | SecurityPipeline | execute_pipeline:2083 |   Mode:    LIVE
2026-09-27 12:36:04 | INFO     | SecurityPipeline | execute_pipeline:2084 | ======================================================================
2026-09-27 12:36:04 | INFO     | SecurityPipeline | execute_pipeline:2119 | Pipeline DAG: 9 stages, 5 groups
2026-09-27 12:36:04 | INFO     | SecurityPipeline | execute_pipeline:2121 |   Group 1: excel_parser.py
2026-09-27 12:36:04 | INFO     | SecurityPipeline | execute_pipeline:2121 |   Group 2: employee_matching_engine.py
2026-09-27 12:36:04 | INFO     | SecurityPipeline | execute_pipeline:2121 |   Group 3: esi_reconciliation_engine.py, pf_reconciliation_engine.py, site_performance_scoring_engine.py, wage_anomaly_detector.py
2026-09-27 12:36:04 | INFO     | SecurityPipeline | execute_pipeline:2121 |   Group 4: compliance_risk_scoring_engine.py, fraud_detection_engine.py
2026-09-27 12:36:04 | INFO     | SecurityPipeline | execute_pipeline:2121 |   Group 5: final_security_report.py
2026-09-27 12:36:04 | INFO     | SecurityPipeline | execute_pipeline:2124 | 
PHASE 1: PRE-FLIGHT CHECKS
2026-09-27 12:36:08 | WARNING  | SecurityPipeline | execute_pipeline:2158 |   ⚠ No Excel files found, using existing CSVs
2026-09-27 12:36:14 | INFO     | SecurityPipeline | _execute_pipeline_inner:2259 | 
PHASE 2: PIPELINE EXECUTION
2026-09-27 12:36:14 | INFO     | SecurityPipeline | _execute_pipeline_inner:2283 | 
  --- Group 1/5: excel_parser.py ---
2026-09-27 12:36:14 | INFO     | SecurityPipeline | _execute_pipeline_inner:2383 |   ⊘ Skipping excel_parser.py: outputs already exist
2026-09-27 12:36:14 | INFO     | SecurityPipeline | _execute_pipeline_inner:2283 | 
  --- Group 2/5: employee_matching_engine.py ---
2026-09-27 12:36:14 | INFO     | SecurityPipeline | _execute_pipeline_inner:2383 |   ⊘ Skipping employee_matching_engine.py: outputs already exist
2026-09-27 12:36:14 | INFO     | SecurityPipeline | _execute_pipeline_inner:2283 | 
  --- Group 3/5: esi_reconciliation_engine.py, pf_reconciliation_engine.py, site_performance_scoring_engine.py, wage_anomaly_detector.py ---
2026-09-27 12:36:14 | INFO     | SecurityPipeline | _execute_pipeline_inner:2383 |   ⊘ Skipping esi_reconciliation_engine.py: outputs already exist
2026-09-27 12:36:14 | INFO     | SecurityPipeline | _execute_pipeline_inner:2383 |   ⊘ Skipping pf_reconciliation_engine.py: outputs already exist
2026-09-27 12:36:14 | INFO     | SecurityPipeline | _execute_pipeline_inner:2383 |   ⊘ Skipping site_performance_scoring_engine.py: outputs already exist
2026-09-27 12:36:14 | INFO     | SecurityPipeline | _execute_pipeline_inner:2383 |   ⊘ Skipping wage_anomaly_detector.py: outputs already exist
2026-09-27 12:36:14 | INFO     | SecurityPipeline | _execute_pipeline_inner:2283 | 
  --- Group 4/5: compliance_risk_scoring_engine.py, fraud_detection_engine.py ---
2026-09-27 12:36:14 | INFO     | SecurityPipeline | _execute_pipeline_inner:2383 |   ⊘ Skipping compliance_risk_scoring_engine.py: outputs already exist
2026-09-27 12:36:14 | INFO     | SecurityPipeline | _execute_pipeline_inner:2383 |   ⊘ Skipping fraud_detection_engine.py: outputs already exist
2026-09-27 12:36:14 | INFO     | SecurityPipeline | _execute_pipeline_inner:2283 | 
  --- Group 5/5: final_security_report.py ---
2026-09-27 12:36:14 | INFO     | SecurityPipeline | _execute_pipeline_inner:2383 |   ⊘ Skipping final_security_report.py: outputs already exist
2026-09-27 12:36:14 | INFO     | SecurityPipeline | _execute_pipeline_inner:2480 | 
PHASE 3: FINAL REPORT
2026-09-27 12:36:14 | INFO     | SecurityPipeline | _execute_pipeline_inner:2505 | Final report already executed in DAG — skipping duplicate run
2026-09-27 12:36:14 | INFO     | SecurityPipeline | generate_pipeline_report:1844 | Report → /root/ml-projects/stock-prediction/security-ai/outputs/pipeline_summary.csv
2026-09-27 12:36:14 | INFO     | SecurityPipeline | generate_pipeline_report:1857 | Report → /root/ml-projects/stock-prediction/security-ai/summaries/pipeline_report_20260927_123614.json
2026-09-27 12:36:14 | INFO     | SecurityPipeline | cleanup_old_logs:538 | Cleaned 3 old log files
2026-09-27 12:36:14 | INFO     | SecurityPipeline | _execute_pipeline_inner:2578 | ======================================================================
2026-09-27 12:36:14 | INFO     | SecurityPipeline | _execute_pipeline_inner:2579 | PIPELINE EXECUTION COMPLETE
2026-09-27 12:36:14 | INFO     | SecurityPipeline | _execute_pipeline_inner:2580 |   Run ID:     default_default_20260927_123604
2026-09-27 12:36:14 | INFO     | SecurityPipeline | _execute_pipeline_inner:2581 |   Duration:   9.27s
2026-09-27 12:36:14 | INFO     | SecurityPipeline | _execute_pipeline_inner:2582 |   Passed:     0
2026-09-27 12:36:14 | INFO     | SecurityPipeline | _execute_pipeline_inner:2583 |   Failed:     0
2026-09-27 12:36:14 | INFO     | SecurityPipeline | _execute_pipeline_inner:2584 |   Skipped:    9
2026-09-27 12:36:14 | INFO     | SecurityPipeline | _execute_pipeline_inner:2585 |   Cancelled:  0
2026-09-27 12:36:14 | INFO     | SecurityPipeline | _execute_pipeline_inner:2586 |   Retried:    0
2026-09-27 12:36:14 | INFO     | SecurityPipeline | _execute_pipeline_inner:2587 |   Status:     PASSED
2026-09-27 12:36:14 | INFO     | SecurityPipeline | _execute_pipeline_inner:2588 |   Audit Log:  /root/ml-projects/stock-prediction/security-ai/logs/audit_default_default_20260927_123604.jsonl
2026-09-27 12:36:14 | INFO     | SecurityPipeline | _execute_pipeline_inner:2589 | ======================================================================
