2026-07-06 10:27:30 | INFO     | SecurityPipeline | execute_pipeline:1546 | ======================================================================
2026-07-06 10:27:30 | INFO     | SecurityPipeline | execute_pipeline:1547 | SECURITY AI PIPELINE ORCHESTRATOR
2026-07-06 10:27:30 | INFO     | SecurityPipeline | execute_pipeline:1548 |   Run ID:  default_default_20260706_102730
2026-07-06 10:27:30 | INFO     | SecurityPipeline | execute_pipeline:1549 |   Client:  default
2026-07-06 10:27:30 | INFO     | SecurityPipeline | execute_pipeline:1550 |   Month:   current
2026-07-06 10:27:30 | INFO     | SecurityPipeline | execute_pipeline:1551 |   Version: 8.0.0
2026-07-06 10:27:30 | INFO     | SecurityPipeline | execute_pipeline:1552 |   Mode:    LIVE
2026-07-06 10:27:30 | INFO     | SecurityPipeline | execute_pipeline:1553 | ======================================================================
2026-07-06 10:27:30 | INFO     | SecurityPipeline | execute_pipeline:1562 | Pipeline DAG: 9 stages, 5 groups
2026-07-06 10:27:30 | INFO     | SecurityPipeline | execute_pipeline:1564 |   Group 1: excel_parser.py
2026-07-06 10:27:30 | INFO     | SecurityPipeline | execute_pipeline:1564 |   Group 2: employee_matching_engine.py
2026-07-06 10:27:30 | INFO     | SecurityPipeline | execute_pipeline:1564 |   Group 3: esi_reconciliation_engine.py, pf_reconciliation_engine.py, site_performance_scoring_engine.py, wage_anomaly_detector.py
2026-07-06 10:27:30 | INFO     | SecurityPipeline | execute_pipeline:1564 |   Group 4: compliance_risk_scoring_engine.py, fraud_detection_engine.py
2026-07-06 10:27:30 | INFO     | SecurityPipeline | execute_pipeline:1564 |   Group 5: final_security_report.py
2026-07-06 10:27:30 | INFO     | SecurityPipeline | execute_pipeline:1567 | 
PHASE 1: PRE-FLIGHT CHECKS
2026-07-06 10:27:33 | WARNING  | SecurityPipeline | execute_pipeline:1588 |   ⚠ No Excel files found, using existing CSVs
2026-07-06 10:27:38 | INFO     | SecurityPipeline | execute_pipeline:1619 | 
PHASE 2: PIPELINE EXECUTION
2026-07-06 10:27:38 | INFO     | SecurityPipeline | execute_pipeline:1627 | 
  --- Group 1/5: excel_parser.py ---
2026-07-06 10:27:38 | INFO     | SecurityPipeline | retry_pipeline:939 | Attempt 1/3: excel_parser.py
2026-07-06 10:27:46 | INFO     | SecurityPipeline | execute_pipeline:1713 |   ✓ excel_parser.py (7.82s, 6800 rows)
2026-07-06 10:27:46 | INFO     | SecurityPipeline | execute_pipeline:1627 | 
  --- Group 2/5: employee_matching_engine.py ---
2026-07-06 10:27:46 | INFO     | SecurityPipeline | retry_pipeline:939 | Attempt 1/3: employee_matching_engine.py
2026-07-06 10:27:55 | INFO     | SecurityPipeline | execute_pipeline:1713 |   ✓ employee_matching_engine.py (8.71s, 800 rows)
2026-07-06 10:27:55 | INFO     | SecurityPipeline | execute_pipeline:1627 | 
  --- Group 3/5: esi_reconciliation_engine.py, pf_reconciliation_engine.py, site_performance_scoring_engine.py, wage_anomaly_detector.py ---
2026-07-06 10:27:55 | INFO     | SecurityPipeline | retry_pipeline:939 | Attempt 1/3: esi_reconciliation_engine.py
2026-07-06 10:28:52 | INFO     | SecurityPipeline | execute_pipeline:1713 |   ✓ esi_reconciliation_engine.py (57.17s, 500 rows)
2026-07-06 10:28:52 | INFO     | SecurityPipeline | retry_pipeline:939 | Attempt 1/3: pf_reconciliation_engine.py
2026-07-06 10:29:21 | INFO     | SecurityPipeline | execute_pipeline:1713 |   ✓ pf_reconciliation_engine.py (28.58s, 500 rows)
2026-07-06 10:29:21 | INFO     | SecurityPipeline | retry_pipeline:939 | Attempt 1/3: site_performance_scoring_engine.py
2026-07-06 10:30:00 | INFO     | SecurityPipeline | execute_pipeline:1713 |   ✓ site_performance_scoring_engine.py (39.55s, 200 rows)
2026-07-06 10:30:00 | INFO     | SecurityPipeline | retry_pipeline:939 | Attempt 1/3: wage_anomaly_detector.py
2026-07-06 10:32:13 | WARNING  | SecurityPipeline | run_single_stage:1020 | Output warnings for wage_anomaly_detector.py: ['Missing output: reconciliation/wage_anomaly_report.csv']
2026-07-06 10:32:13 | INFO     | SecurityPipeline | execute_pipeline:1713 |   ✓ wage_anomaly_detector.py (132.28s, 500 rows)
2026-07-06 10:32:13 | INFO     | SecurityPipeline | execute_pipeline:1627 | 
  --- Group 4/5: compliance_risk_scoring_engine.py, fraud_detection_engine.py ---
2026-07-06 10:32:13 | INFO     | SecurityPipeline | retry_pipeline:939 | Attempt 1/3: compliance_risk_scoring_engine.py
2026-07-06 10:32:33 | INFO     | SecurityPipeline | execute_pipeline:1713 |   ✓ compliance_risk_scoring_engine.py (20.74s, 506 rows)
2026-07-06 10:32:33 | INFO     | SecurityPipeline | retry_pipeline:939 | Attempt 1/3: fraud_detection_engine.py
2026-07-06 10:32:38 | ERROR    | SecurityPipeline | handle_pipeline_error:920 | Pipeline FAILED: fraud_detection_engine.py
2026-07-06 10:32:38 | ERROR    | SecurityPipeline | handle_pipeline_error:921 |   Exit code: 1
2026-07-06 10:32:38 | ERROR    | SecurityPipeline | handle_pipeline_error:922 |   Error: engine.py", line 2159, in run
    all_cases.extend(duplicate_uan(self.sources))
  File "/root/ml-projects/stock-prediction/security-ai/scripts/fraud_detection_engine.py", line 1111, in duplicate_uan
 
2026-07-06 10:32:38 | WARNING  | SecurityPipeline | retry_pipeline:958 | Attempt 1 failed: fraud_detection_engine.py
2026-07-06 10:32:38 | INFO     | SecurityPipeline | retry_pipeline:939 | Attempt 2/3: fraud_detection_engine.py
2026-07-06 10:32:38 | INFO     | SecurityPipeline | retry_pipeline:947 | Retrying in 5s...
2026-07-06 10:32:46 | ERROR    | SecurityPipeline | handle_pipeline_error:920 | Pipeline FAILED: fraud_detection_engine.py
2026-07-06 10:32:46 | ERROR    | SecurityPipeline | handle_pipeline_error:921 |   Exit code: 1
2026-07-06 10:32:46 | ERROR    | SecurityPipeline | handle_pipeline_error:922 |   Error: engine.py", line 2159, in run
    all_cases.extend(duplicate_uan(self.sources))
  File "/root/ml-projects/stock-prediction/security-ai/scripts/fraud_detection_engine.py", line 1111, in duplicate_uan
 
2026-07-06 10:32:46 | WARNING  | SecurityPipeline | retry_pipeline:958 | Attempt 2 failed: fraud_detection_engine.py
2026-07-06 10:32:46 | INFO     | SecurityPipeline | retry_pipeline:939 | Attempt 3/3: fraud_detection_engine.py
2026-07-06 10:32:46 | INFO     | SecurityPipeline | retry_pipeline:947 | Retrying in 5s...
2026-07-06 10:32:55 | ERROR    | SecurityPipeline | handle_pipeline_error:920 | Pipeline FAILED: fraud_detection_engine.py
2026-07-06 10:32:55 | ERROR    | SecurityPipeline | handle_pipeline_error:921 |   Exit code: 1
2026-07-06 10:32:55 | ERROR    | SecurityPipeline | handle_pipeline_error:922 |   Error: engine.py", line 2159, in run
    all_cases.extend(duplicate_uan(self.sources))
  File "/root/ml-projects/stock-prediction/security-ai/scripts/fraud_detection_engine.py", line 1111, in duplicate_uan
 
2026-07-06 10:32:55 | WARNING  | SecurityPipeline | retry_pipeline:958 | Attempt 3 failed: fraud_detection_engine.py
2026-07-06 10:32:55 | ERROR    | SecurityPipeline | retry_pipeline:962 | All 3 attempts exhausted: fraud_detection_engine.py
2026-07-06 10:32:55 | ERROR    | SecurityPipeline | execute_pipeline:1725 | Stopping pipeline (continue_on_failure=False)
2026-07-06 10:32:55 | INFO     | SecurityPipeline | execute_pipeline:1627 | 
  --- Group 5/5: final_security_report.py ---
2026-07-06 10:32:55 | ERROR    | SecurityPipeline | execute_pipeline:1688 |   ✗ Cannot run final_security_report.py: missing deps ['fraud_detection_engine.py']
2026-07-06 10:32:55 | ERROR    | SecurityPipeline | execute_pipeline:1700 | Stopping pipeline (continue_on_failure=False)
2026-07-06 10:32:55 | INFO     | SecurityPipeline | execute_pipeline:1729 | 
PHASE 3: FINAL REPORT
2026-07-06 10:32:55 | INFO     | SecurityPipeline | run_final_report:1511 | Running Final Security Report Integration...
2026-07-06 10:32:55 | INFO     | SecurityPipeline | retry_pipeline:939 | Attempt 1/2: final_security_report.py
2026-07-06 10:32:59 | INFO     | SecurityPipeline | run_final_report:1523 | Final Security Report generated successfully
2026-07-06 10:32:59 | INFO     | SecurityPipeline | generate_pipeline_report:1385 | Report → /root/ml-projects/stock-prediction/security-ai/outputs/pipeline_summary.csv
2026-07-06 10:32:59 | INFO     | SecurityPipeline | generate_pipeline_report:1391 | Report → /root/ml-projects/stock-prediction/security-ai/summaries/pipeline_report_20260706_103259.json
2026-07-06 10:32:59 | INFO     | SecurityPipeline | execute_pipeline:1793 | ======================================================================
2026-07-06 10:32:59 | INFO     | SecurityPipeline | execute_pipeline:1794 | PIPELINE EXECUTION COMPLETE
2026-07-06 10:32:59 | INFO     | SecurityPipeline | execute_pipeline:1795 |   Run ID:     default_default_20260706_102730
2026-07-06 10:32:59 | INFO     | SecurityPipeline | execute_pipeline:1796 |   Duration:   329.27s
2026-07-06 10:32:59 | INFO     | SecurityPipeline | execute_pipeline:1797 |   Passed:     8
2026-07-06 10:32:59 | INFO     | SecurityPipeline | execute_pipeline:1798 |   Failed:     2
2026-07-06 10:32:59 | INFO     | SecurityPipeline | execute_pipeline:1799 |   Skipped:    0
2026-07-06 10:32:59 | INFO     | SecurityPipeline | execute_pipeline:1800 |   Retried:    1
2026-07-06 10:32:59 | INFO     | SecurityPipeline | execute_pipeline:1801 |   Status:     PARTIAL
2026-07-06 10:32:59 | INFO     | SecurityPipeline | execute_pipeline:1802 | ======================================================================
2026-07-06 16:41:38 | DEBUG    | SecurityPipeline | load_configuration:602 | No config file found, using defaults
2026-07-06 16:41:38 | INFO     | SecurityPipeline | execute_pipeline:2055 | ======================================================================
2026-07-06 16:41:38 | INFO     | SecurityPipeline | execute_pipeline:2056 | SECURITY AI PIPELINE ORCHESTRATOR
2026-07-06 16:41:38 | INFO     | SecurityPipeline | execute_pipeline:2057 |   Run ID:  default_default_20260706_164138
2026-07-06 16:41:38 | INFO     | SecurityPipeline | execute_pipeline:2058 |   Client:  default
2026-07-06 16:41:38 | INFO     | SecurityPipeline | execute_pipeline:2064 |   Period:  current
2026-07-06 16:41:38 | INFO     | SecurityPipeline | execute_pipeline:2065 |   Version: 9.0.0
2026-07-06 16:41:38 | INFO     | SecurityPipeline | execute_pipeline:2066 |   Mode:    LIVE
2026-07-06 16:41:38 | INFO     | SecurityPipeline | execute_pipeline:2067 | ======================================================================
2026-07-06 16:41:38 | INFO     | SecurityPipeline | execute_pipeline:2102 | Pipeline DAG: 9 stages, 5 groups
2026-07-06 16:41:38 | INFO     | SecurityPipeline | execute_pipeline:2104 |   Group 1: excel_parser.py
2026-07-06 16:41:38 | INFO     | SecurityPipeline | execute_pipeline:2104 |   Group 2: employee_matching_engine.py
2026-07-06 16:41:38 | INFO     | SecurityPipeline | execute_pipeline:2104 |   Group 3: esi_reconciliation_engine.py, pf_reconciliation_engine.py, site_performance_scoring_engine.py, wage_anomaly_detector.py
2026-07-06 16:41:38 | INFO     | SecurityPipeline | execute_pipeline:2104 |   Group 4: compliance_risk_scoring_engine.py, fraud_detection_engine.py
2026-07-06 16:41:38 | INFO     | SecurityPipeline | execute_pipeline:2104 |   Group 5: final_security_report.py
2026-07-06 16:41:38 | INFO     | SecurityPipeline | execute_pipeline:2107 | 
PHASE 1: PRE-FLIGHT CHECKS
2026-07-06 16:41:41 | WARNING  | SecurityPipeline | execute_pipeline:2141 |   ⚠ No Excel files found, using existing CSVs
2026-07-06 16:41:47 | INFO     | SecurityPipeline | _execute_pipeline_inner:2231 | Resuming from checkpoint: 7 stages completed
2026-07-06 16:41:47 | INFO     | SecurityPipeline | _execute_pipeline_inner:2242 | 
PHASE 2: PIPELINE EXECUTION
2026-07-06 16:41:47 | INFO     | SecurityPipeline | _execute_pipeline_inner:2266 | 
  --- Group 1/5: excel_parser.py ---
2026-07-06 16:41:47 | INFO     | SecurityPipeline | _execute_pipeline_inner:2366 |   ⊘ Skipping excel_parser.py: completed in previous run
2026-07-06 16:41:47 | INFO     | SecurityPipeline | _execute_pipeline_inner:2266 | 
  --- Group 2/5: employee_matching_engine.py ---
2026-07-06 16:41:47 | INFO     | SecurityPipeline | _execute_pipeline_inner:2366 |   ⊘ Skipping employee_matching_engine.py: completed in previous run
2026-07-06 16:41:47 | INFO     | SecurityPipeline | _execute_pipeline_inner:2266 | 
  --- Group 3/5: esi_reconciliation_engine.py, pf_reconciliation_engine.py, site_performance_scoring_engine.py, wage_anomaly_detector.py ---
2026-07-06 16:41:47 | INFO     | SecurityPipeline | _execute_pipeline_inner:2366 |   ⊘ Skipping esi_reconciliation_engine.py: completed in previous run
2026-07-06 16:41:47 | INFO     | SecurityPipeline | _execute_pipeline_inner:2366 |   ⊘ Skipping pf_reconciliation_engine.py: completed in previous run
2026-07-06 16:41:47 | INFO     | SecurityPipeline | _execute_pipeline_inner:2366 |   ⊘ Skipping site_performance_scoring_engine.py: completed in previous run
2026-07-06 16:41:47 | INFO     | SecurityPipeline | _execute_pipeline_inner:2366 |   ⊘ Skipping wage_anomaly_detector.py: completed in previous run
2026-07-06 16:41:47 | INFO     | SecurityPipeline | _execute_pipeline_inner:2266 | 
  --- Group 4/5: compliance_risk_scoring_engine.py, fraud_detection_engine.py ---
2026-07-06 16:41:47 | INFO     | SecurityPipeline | _execute_pipeline_inner:2366 |   ⊘ Skipping compliance_risk_scoring_engine.py: completed in previous run
2026-07-06 16:41:47 | INFO     | SecurityPipeline | _execute_pipeline_inner:2366 |   ⊘ Skipping fraud_detection_engine.py: outputs already exist
2026-07-06 16:41:47 | INFO     | SecurityPipeline | _execute_pipeline_inner:2266 | 
  --- Group 5/5: final_security_report.py ---
2026-07-06 16:41:47 | INFO     | SecurityPipeline | _execute_pipeline_inner:2366 |   ⊘ Skipping final_security_report.py: outputs already exist
2026-07-06 16:41:47 | INFO     | SecurityPipeline | _execute_pipeline_inner:2463 | 
PHASE 3: FINAL REPORT
2026-07-06 16:41:47 | INFO     | SecurityPipeline | run_final_report:1999 | Running Final Security Report Integration...
2026-07-06 16:41:47 | INFO     | SecurityPipeline | retry_pipeline:1241 | Attempt 1/2: final_security_report.py
2026-07-06 16:41:52 | INFO     | SecurityPipeline | run_final_report:2011 | Final Security Report generated successfully
2026-07-06 16:41:52 | INFO     | SecurityPipeline | generate_pipeline_report:1827 | Report → /root/ml-projects/stock-prediction/security-ai/outputs/pipeline_summary.csv
2026-07-06 16:41:52 | INFO     | SecurityPipeline | generate_pipeline_report:1840 | Report → /root/ml-projects/stock-prediction/security-ai/summaries/pipeline_report_20260706_164152.json
2026-07-06 16:41:52 | INFO     | SecurityPipeline | clear_checkpoint:1073 | Checkpoint cleared
2026-07-06 16:41:52 | INFO     | SecurityPipeline | _execute_pipeline_inner:2561 | ======================================================================
2026-07-06 16:41:52 | INFO     | SecurityPipeline | _execute_pipeline_inner:2562 | PIPELINE EXECUTION COMPLETE
2026-07-06 16:41:52 | INFO     | SecurityPipeline | _execute_pipeline_inner:2563 |   Run ID:     default_default_20260706_164138
2026-07-06 16:41:52 | INFO     | SecurityPipeline | _execute_pipeline_inner:2564 |   Duration:   13.76s
2026-07-06 16:41:52 | INFO     | SecurityPipeline | _execute_pipeline_inner:2565 |   Passed:     1
2026-07-06 16:41:52 | INFO     | SecurityPipeline | _execute_pipeline_inner:2566 |   Failed:     0
2026-07-06 16:41:52 | INFO     | SecurityPipeline | _execute_pipeline_inner:2567 |   Skipped:    9
2026-07-06 16:41:52 | INFO     | SecurityPipeline | _execute_pipeline_inner:2568 |   Cancelled:  0
2026-07-06 16:41:52 | INFO     | SecurityPipeline | _execute_pipeline_inner:2569 |   Retried:    0
2026-07-06 16:41:52 | INFO     | SecurityPipeline | _execute_pipeline_inner:2570 |   Status:     PASSED
2026-07-06 16:41:52 | INFO     | SecurityPipeline | _execute_pipeline_inner:2571 |   Audit Log:  /root/ml-projects/stock-prediction/security-ai/logs/audit_default_default_20260706_164138.jsonl
2026-07-06 16:41:52 | INFO     | SecurityPipeline | _execute_pipeline_inner:2572 | ======================================================================
2026-07-06 16:42:50 | DEBUG    | SecurityPipeline | load_configuration:602 | No config file found, using defaults
2026-07-06 16:42:50 | INFO     | SecurityPipeline | execute_pipeline:2055 | ======================================================================
2026-07-06 16:42:50 | INFO     | SecurityPipeline | execute_pipeline:2056 | SECURITY AI PIPELINE ORCHESTRATOR
2026-07-06 16:42:50 | INFO     | SecurityPipeline | execute_pipeline:2057 |   Run ID:  default_default_20260706_164250
2026-07-06 16:42:50 | INFO     | SecurityPipeline | execute_pipeline:2058 |   Client:  default
2026-07-06 16:42:50 | INFO     | SecurityPipeline | execute_pipeline:2064 |   Period:  current
2026-07-06 16:42:50 | INFO     | SecurityPipeline | execute_pipeline:2065 |   Version: 9.0.0
2026-07-06 16:42:50 | INFO     | SecurityPipeline | execute_pipeline:2066 |   Mode:    LIVE
2026-07-06 16:42:50 | INFO     | SecurityPipeline | execute_pipeline:2067 | ======================================================================
2026-07-06 16:42:50 | INFO     | SecurityPipeline | execute_pipeline:2102 | Pipeline DAG: 9 stages, 5 groups
2026-07-06 16:42:50 | INFO     | SecurityPipeline | execute_pipeline:2104 |   Group 1: excel_parser.py
2026-07-06 16:42:50 | INFO     | SecurityPipeline | execute_pipeline:2104 |   Group 2: employee_matching_engine.py
2026-07-06 16:42:50 | INFO     | SecurityPipeline | execute_pipeline:2104 |   Group 3: esi_reconciliation_engine.py, pf_reconciliation_engine.py, site_performance_scoring_engine.py, wage_anomaly_detector.py
2026-07-06 16:42:50 | INFO     | SecurityPipeline | execute_pipeline:2104 |   Group 4: compliance_risk_scoring_engine.py, fraud_detection_engine.py
2026-07-06 16:42:50 | INFO     | SecurityPipeline | execute_pipeline:2104 |   Group 5: final_security_report.py
2026-07-06 16:42:50 | INFO     | SecurityPipeline | execute_pipeline:2107 | 
PHASE 1: PRE-FLIGHT CHECKS
2026-07-06 16:42:54 | WARNING  | SecurityPipeline | execute_pipeline:2141 |   ⚠ No Excel files found, using existing CSVs
2026-07-06 16:42:56 | INFO     | SecurityPipeline | _execute_pipeline_inner:2242 | 
PHASE 2: PIPELINE EXECUTION
2026-07-06 16:42:56 | INFO     | SecurityPipeline | _execute_pipeline_inner:2266 | 
  --- Group 1/5: excel_parser.py ---
2026-07-06 16:42:56 | INFO     | SecurityPipeline | _execute_pipeline_inner:2366 |   ⊘ Skipping excel_parser.py: outputs already exist
2026-07-06 16:42:56 | INFO     | SecurityPipeline | _execute_pipeline_inner:2266 | 
  --- Group 2/5: employee_matching_engine.py ---
2026-07-06 16:42:56 | INFO     | SecurityPipeline | _execute_pipeline_inner:2366 |   ⊘ Skipping employee_matching_engine.py: outputs already exist
2026-07-06 16:42:56 | INFO     | SecurityPipeline | _execute_pipeline_inner:2266 | 
  --- Group 3/5: esi_reconciliation_engine.py, pf_reconciliation_engine.py, site_performance_scoring_engine.py, wage_anomaly_detector.py ---
2026-07-06 16:42:56 | INFO     | SecurityPipeline | _execute_pipeline_inner:2366 |   ⊘ Skipping esi_reconciliation_engine.py: outputs already exist
2026-07-06 16:42:56 | INFO     | SecurityPipeline | _execute_pipeline_inner:2366 |   ⊘ Skipping pf_reconciliation_engine.py: outputs already exist
2026-07-06 16:42:56 | INFO     | SecurityPipeline | _execute_pipeline_inner:2366 |   ⊘ Skipping site_performance_scoring_engine.py: outputs already exist
2026-07-06 16:42:56 | INFO     | SecurityPipeline | retry_pipeline:1241 | Attempt 1/3: wage_anomaly_detector.py
2026-07-06 16:43:12 | WARNING  | SecurityPipeline | run_single_stage:1347 | Output warnings for wage_anomaly_detector.py: ['Missing output: reconciliation/wage_anomaly_report.csv']
2026-07-06 16:43:12 | INFO     | SecurityPipeline | _execute_pipeline_inner:2424 |   ✓ wage_anomaly_detector.py (15.64s, 500 rows)
2026-07-06 16:43:12 | INFO     | SecurityPipeline | _execute_pipeline_inner:2266 | 
  --- Group 4/5: compliance_risk_scoring_engine.py, fraud_detection_engine.py ---
2026-07-06 16:43:12 | INFO     | SecurityPipeline | _execute_pipeline_inner:2366 |   ⊘ Skipping compliance_risk_scoring_engine.py: outputs already exist
2026-07-06 16:43:12 | INFO     | SecurityPipeline | _execute_pipeline_inner:2366 |   ⊘ Skipping fraud_detection_engine.py: outputs already exist
2026-07-06 16:43:12 | INFO     | SecurityPipeline | _execute_pipeline_inner:2266 | 
  --- Group 5/5: final_security_report.py ---
2026-07-06 16:43:12 | INFO     | SecurityPipeline | _execute_pipeline_inner:2366 |   ⊘ Skipping final_security_report.py: outputs already exist
2026-07-06 16:43:12 | INFO     | SecurityPipeline | _execute_pipeline_inner:2463 | 
PHASE 3: FINAL REPORT
2026-07-06 16:43:12 | INFO     | SecurityPipeline | run_final_report:1999 | Running Final Security Report Integration...
2026-07-06 16:43:12 | INFO     | SecurityPipeline | retry_pipeline:1241 | Attempt 1/2: final_security_report.py
2026-07-06 16:43:16 | INFO     | SecurityPipeline | run_final_report:2011 | Final Security Report generated successfully
2026-07-06 16:43:16 | INFO     | SecurityPipeline | generate_pipeline_report:1827 | Report → /root/ml-projects/stock-prediction/security-ai/outputs/pipeline_summary.csv
2026-07-06 16:43:16 | INFO     | SecurityPipeline | generate_pipeline_report:1840 | Report → /root/ml-projects/stock-prediction/security-ai/summaries/pipeline_report_20260706_164316.json
2026-07-06 16:43:16 | INFO     | SecurityPipeline | clear_checkpoint:1073 | Checkpoint cleared
2026-07-06 16:43:16 | INFO     | SecurityPipeline | _execute_pipeline_inner:2561 | ======================================================================
2026-07-06 16:43:16 | INFO     | SecurityPipeline | _execute_pipeline_inner:2562 | PIPELINE EXECUTION COMPLETE
2026-07-06 16:43:16 | INFO     | SecurityPipeline | _execute_pipeline_inner:2563 |   Run ID:     default_default_20260706_164250
2026-07-06 16:43:16 | INFO     | SecurityPipeline | _execute_pipeline_inner:2564 |   Duration:   25.29s
2026-07-06 16:43:16 | INFO     | SecurityPipeline | _execute_pipeline_inner:2565 |   Passed:     2
2026-07-06 16:43:16 | INFO     | SecurityPipeline | _execute_pipeline_inner:2566 |   Failed:     0
2026-07-06 16:43:16 | INFO     | SecurityPipeline | _execute_pipeline_inner:2567 |   Skipped:    8
2026-07-06 16:43:16 | INFO     | SecurityPipeline | _execute_pipeline_inner:2568 |   Cancelled:  0
2026-07-06 16:43:16 | INFO     | SecurityPipeline | _execute_pipeline_inner:2569 |   Retried:    0
2026-07-06 16:43:16 | INFO     | SecurityPipeline | _execute_pipeline_inner:2570 |   Status:     PASSED
2026-07-06 16:43:16 | INFO     | SecurityPipeline | _execute_pipeline_inner:2571 |   Audit Log:  /root/ml-projects/stock-prediction/security-ai/logs/audit_default_default_20260706_164250.jsonl
2026-07-06 16:43:16 | INFO     | SecurityPipeline | _execute_pipeline_inner:2572 | ======================================================================
2026-07-06 16:49:00 | DEBUG    | SecurityPipeline | load_configuration:601 | No config file found, using defaults
2026-07-06 16:49:00 | INFO     | SecurityPipeline | execute_pipeline:2072 | ======================================================================
2026-07-06 16:49:00 | INFO     | SecurityPipeline | execute_pipeline:2073 | SECURITY AI PIPELINE ORCHESTRATOR
2026-07-06 16:49:00 | INFO     | SecurityPipeline | execute_pipeline:2074 |   Run ID:  default_default_20260706_164900
2026-07-06 16:49:00 | INFO     | SecurityPipeline | execute_pipeline:2075 |   Client:  default
2026-07-06 16:49:00 | INFO     | SecurityPipeline | execute_pipeline:2081 |   Period:  current
2026-07-06 16:49:00 | INFO     | SecurityPipeline | execute_pipeline:2082 |   Version: 9.0.0
2026-07-06 16:49:00 | INFO     | SecurityPipeline | execute_pipeline:2083 |   Mode:    LIVE
2026-07-06 16:49:00 | INFO     | SecurityPipeline | execute_pipeline:2084 | ======================================================================
2026-07-06 16:49:00 | INFO     | SecurityPipeline | execute_pipeline:2119 | Pipeline DAG: 9 stages, 5 groups
2026-07-06 16:49:00 | INFO     | SecurityPipeline | execute_pipeline:2121 |   Group 1: excel_parser.py
2026-07-06 16:49:00 | INFO     | SecurityPipeline | execute_pipeline:2121 |   Group 2: employee_matching_engine.py
2026-07-06 16:49:00 | INFO     | SecurityPipeline | execute_pipeline:2121 |   Group 3: esi_reconciliation_engine.py, pf_reconciliation_engine.py, site_performance_scoring_engine.py, wage_anomaly_detector.py
2026-07-06 16:49:00 | INFO     | SecurityPipeline | execute_pipeline:2121 |   Group 4: compliance_risk_scoring_engine.py, fraud_detection_engine.py
2026-07-06 16:49:00 | INFO     | SecurityPipeline | execute_pipeline:2121 |   Group 5: final_security_report.py
2026-07-06 16:49:01 | INFO     | SecurityPipeline | execute_pipeline:2124 | 
PHASE 1: PRE-FLIGHT CHECKS
2026-07-06 16:49:04 | WARNING  | SecurityPipeline | execute_pipeline:2158 |   ⚠ No Excel files found, using existing CSVs
2026-07-06 16:49:06 | INFO     | SecurityPipeline | _execute_pipeline_inner:2259 | 
PHASE 2: PIPELINE EXECUTION
2026-07-06 16:49:06 | INFO     | SecurityPipeline | _execute_pipeline_inner:2283 | 
  --- Group 1/5: excel_parser.py ---
2026-07-06 16:49:06 | INFO     | SecurityPipeline | _execute_pipeline_inner:2383 |   ⊘ Skipping excel_parser.py: outputs already exist
2026-07-06 16:49:06 | INFO     | SecurityPipeline | _execute_pipeline_inner:2283 | 
  --- Group 2/5: employee_matching_engine.py ---
2026-07-06 16:49:06 | INFO     | SecurityPipeline | _execute_pipeline_inner:2383 |   ⊘ Skipping employee_matching_engine.py: outputs already exist
2026-07-06 16:49:06 | INFO     | SecurityPipeline | _execute_pipeline_inner:2283 | 
  --- Group 3/5: esi_reconciliation_engine.py, pf_reconciliation_engine.py, site_performance_scoring_engine.py, wage_anomaly_detector.py ---
2026-07-06 16:49:06 | INFO     | SecurityPipeline | _execute_pipeline_inner:2383 |   ⊘ Skipping esi_reconciliation_engine.py: outputs already exist
2026-07-06 16:49:06 | INFO     | SecurityPipeline | _execute_pipeline_inner:2383 |   ⊘ Skipping pf_reconciliation_engine.py: outputs already exist
2026-07-06 16:49:06 | INFO     | SecurityPipeline | _execute_pipeline_inner:2383 |   ⊘ Skipping site_performance_scoring_engine.py: outputs already exist
2026-07-06 16:49:06 | INFO     | SecurityPipeline | _execute_pipeline_inner:2383 |   ⊘ Skipping wage_anomaly_detector.py: outputs already exist
2026-07-06 16:49:06 | INFO     | SecurityPipeline | _execute_pipeline_inner:2283 | 
  --- Group 4/5: compliance_risk_scoring_engine.py, fraud_detection_engine.py ---
2026-07-06 16:49:06 | INFO     | SecurityPipeline | _execute_pipeline_inner:2383 |   ⊘ Skipping compliance_risk_scoring_engine.py: outputs already exist
2026-07-06 16:49:06 | INFO     | SecurityPipeline | _execute_pipeline_inner:2383 |   ⊘ Skipping fraud_detection_engine.py: outputs already exist
2026-07-06 16:49:06 | INFO     | SecurityPipeline | _execute_pipeline_inner:2283 | 
  --- Group 5/5: final_security_report.py ---
2026-07-06 16:49:06 | INFO     | SecurityPipeline | _execute_pipeline_inner:2383 |   ⊘ Skipping final_security_report.py: outputs already exist
2026-07-06 16:49:06 | INFO     | SecurityPipeline | _execute_pipeline_inner:2480 | 
PHASE 3: FINAL REPORT
2026-07-06 16:49:06 | INFO     | SecurityPipeline | run_final_report:2016 | Running Final Security Report Integration...
2026-07-06 16:49:06 | INFO     | SecurityPipeline | retry_pipeline:1240 | Attempt 1/2: final_security_report.py
2026-07-06 16:49:11 | INFO     | SecurityPipeline | run_final_report:2028 | Final Security Report generated successfully
2026-07-06 16:49:11 | INFO     | SecurityPipeline | generate_pipeline_report:1844 | Report → /root/ml-projects/stock-prediction/security-ai/outputs/pipeline_summary.csv
2026-07-06 16:49:11 | INFO     | SecurityPipeline | generate_pipeline_report:1857 | Report → /root/ml-projects/stock-prediction/security-ai/summaries/pipeline_report_20260706_164911.json
2026-07-06 16:49:11 | INFO     | SecurityPipeline | _execute_pipeline_inner:2578 | ======================================================================
2026-07-06 16:49:11 | INFO     | SecurityPipeline | _execute_pipeline_inner:2579 | PIPELINE EXECUTION COMPLETE
2026-07-06 16:49:11 | INFO     | SecurityPipeline | _execute_pipeline_inner:2580 |   Run ID:     default_default_20260706_164900
2026-07-06 16:49:11 | INFO     | SecurityPipeline | _execute_pipeline_inner:2581 |   Duration:   10.23s
2026-07-06 16:49:11 | INFO     | SecurityPipeline | _execute_pipeline_inner:2582 |   Passed:     1
2026-07-06 16:49:11 | INFO     | SecurityPipeline | _execute_pipeline_inner:2583 |   Failed:     0
2026-07-06 16:49:11 | INFO     | SecurityPipeline | _execute_pipeline_inner:2584 |   Skipped:    9
2026-07-06 16:49:11 | INFO     | SecurityPipeline | _execute_pipeline_inner:2585 |   Cancelled:  0
2026-07-06 16:49:11 | INFO     | SecurityPipeline | _execute_pipeline_inner:2586 |   Retried:    0
2026-07-06 16:49:11 | INFO     | SecurityPipeline | _execute_pipeline_inner:2587 |   Status:     PASSED
2026-07-06 16:49:11 | INFO     | SecurityPipeline | _execute_pipeline_inner:2588 |   Audit Log:  /root/ml-projects/stock-prediction/security-ai/logs/audit_default_default_20260706_164900.jsonl
2026-07-06 16:49:11 | INFO     | SecurityPipeline | _execute_pipeline_inner:2589 | ======================================================================
2026-07-06 16:53:27 | DEBUG    | SecurityPipeline | load_configuration:601 | No config file found, using defaults
2026-07-06 16:53:27 | INFO     | SecurityPipeline | execute_pipeline:2072 | ======================================================================
2026-07-06 16:53:27 | INFO     | SecurityPipeline | execute_pipeline:2073 | SECURITY AI PIPELINE ORCHESTRATOR
2026-07-06 16:53:27 | INFO     | SecurityPipeline | execute_pipeline:2074 |   Run ID:  default_default_20260706_165327
2026-07-06 16:53:27 | INFO     | SecurityPipeline | execute_pipeline:2075 |   Client:  default
2026-07-06 16:53:27 | INFO     | SecurityPipeline | execute_pipeline:2081 |   Period:  current
2026-07-06 16:53:27 | INFO     | SecurityPipeline | execute_pipeline:2082 |   Version: 9.0.0
2026-07-06 16:53:27 | INFO     | SecurityPipeline | execute_pipeline:2083 |   Mode:    LIVE
2026-07-06 16:53:27 | INFO     | SecurityPipeline | execute_pipeline:2084 | ======================================================================
2026-07-06 16:53:27 | INFO     | SecurityPipeline | execute_pipeline:2119 | Pipeline DAG: 9 stages, 5 groups
2026-07-06 16:53:27 | INFO     | SecurityPipeline | execute_pipeline:2121 |   Group 1: excel_parser.py
2026-07-06 16:53:27 | INFO     | SecurityPipeline | execute_pipeline:2121 |   Group 2: employee_matching_engine.py
2026-07-06 16:53:27 | INFO     | SecurityPipeline | execute_pipeline:2121 |   Group 3: esi_reconciliation_engine.py, pf_reconciliation_engine.py, site_performance_scoring_engine.py, wage_anomaly_detector.py
2026-07-06 16:53:27 | INFO     | SecurityPipeline | execute_pipeline:2121 |   Group 4: compliance_risk_scoring_engine.py, fraud_detection_engine.py
2026-07-06 16:53:27 | INFO     | SecurityPipeline | execute_pipeline:2121 |   Group 5: final_security_report.py
2026-07-06 16:53:27 | INFO     | SecurityPipeline | execute_pipeline:2124 | 
PHASE 1: PRE-FLIGHT CHECKS
2026-07-06 16:53:30 | WARNING  | SecurityPipeline | execute_pipeline:2158 |   ⚠ No Excel files found, using existing CSVs
2026-07-06 16:53:33 | INFO     | SecurityPipeline | _execute_pipeline_inner:2259 | 
PHASE 2: PIPELINE EXECUTION
2026-07-06 16:53:33 | INFO     | SecurityPipeline | _execute_pipeline_inner:2283 | 
  --- Group 1/5: excel_parser.py ---
2026-07-06 16:53:33 | INFO     | SecurityPipeline | _execute_pipeline_inner:2383 |   ⊘ Skipping excel_parser.py: outputs already exist
2026-07-06 16:53:33 | INFO     | SecurityPipeline | _execute_pipeline_inner:2283 | 
  --- Group 2/5: employee_matching_engine.py ---
2026-07-06 16:53:33 | INFO     | SecurityPipeline | _execute_pipeline_inner:2383 |   ⊘ Skipping employee_matching_engine.py: outputs already exist
2026-07-06 16:53:33 | INFO     | SecurityPipeline | _execute_pipeline_inner:2283 | 
  --- Group 3/5: esi_reconciliation_engine.py, pf_reconciliation_engine.py, site_performance_scoring_engine.py, wage_anomaly_detector.py ---
2026-07-06 16:53:33 | INFO     | SecurityPipeline | _execute_pipeline_inner:2383 |   ⊘ Skipping esi_reconciliation_engine.py: outputs already exist
2026-07-06 16:53:33 | INFO     | SecurityPipeline | _execute_pipeline_inner:2383 |   ⊘ Skipping pf_reconciliation_engine.py: outputs already exist
2026-07-06 16:53:33 | INFO     | SecurityPipeline | _execute_pipeline_inner:2383 |   ⊘ Skipping site_performance_scoring_engine.py: outputs already exist
2026-07-06 16:53:33 | INFO     | SecurityPipeline | _execute_pipeline_inner:2383 |   ⊘ Skipping wage_anomaly_detector.py: outputs already exist
2026-07-06 16:53:33 | INFO     | SecurityPipeline | _execute_pipeline_inner:2283 | 
  --- Group 4/5: compliance_risk_scoring_engine.py, fraud_detection_engine.py ---
2026-07-06 16:53:33 | INFO     | SecurityPipeline | _execute_pipeline_inner:2383 |   ⊘ Skipping compliance_risk_scoring_engine.py: outputs already exist
2026-07-06 16:53:33 | INFO     | SecurityPipeline | _execute_pipeline_inner:2383 |   ⊘ Skipping fraud_detection_engine.py: outputs already exist
2026-07-06 16:53:33 | INFO     | SecurityPipeline | _execute_pipeline_inner:2283 | 
  --- Group 5/5: final_security_report.py ---
2026-07-06 16:53:33 | INFO     | SecurityPipeline | _execute_pipeline_inner:2383 |   ⊘ Skipping final_security_report.py: outputs already exist
2026-07-06 16:53:33 | INFO     | SecurityPipeline | _execute_pipeline_inner:2480 | 
PHASE 3: FINAL REPORT
2026-07-06 16:53:33 | INFO     | SecurityPipeline | _execute_pipeline_inner:2505 | Final report already executed in DAG — skipping duplicate run
2026-07-06 16:53:33 | INFO     | SecurityPipeline | generate_pipeline_report:1844 | Report → /root/ml-projects/stock-prediction/security-ai/outputs/pipeline_summary.csv
2026-07-06 16:53:33 | INFO     | SecurityPipeline | generate_pipeline_report:1857 | Report → /root/ml-projects/stock-prediction/security-ai/summaries/pipeline_report_20260706_165333.json
2026-07-06 16:53:33 | INFO     | SecurityPipeline | _execute_pipeline_inner:2578 | ======================================================================
2026-07-06 16:53:33 | INFO     | SecurityPipeline | _execute_pipeline_inner:2579 | PIPELINE EXECUTION COMPLETE
2026-07-06 16:53:33 | INFO     | SecurityPipeline | _execute_pipeline_inner:2580 |   Run ID:     default_default_20260706_165327
2026-07-06 16:53:33 | INFO     | SecurityPipeline | _execute_pipeline_inner:2581 |   Duration:   6.28s
2026-07-06 16:53:33 | INFO     | SecurityPipeline | _execute_pipeline_inner:2582 |   Passed:     0
2026-07-06 16:53:34 | INFO     | SecurityPipeline | _execute_pipeline_inner:2583 |   Failed:     0
2026-07-06 16:53:34 | INFO     | SecurityPipeline | _execute_pipeline_inner:2584 |   Skipped:    9
2026-07-06 16:53:34 | INFO     | SecurityPipeline | _execute_pipeline_inner:2585 |   Cancelled:  0
2026-07-06 16:53:34 | INFO     | SecurityPipeline | _execute_pipeline_inner:2586 |   Retried:    0
2026-07-06 16:53:34 | INFO     | SecurityPipeline | _execute_pipeline_inner:2587 |   Status:     PASSED
2026-07-06 16:53:34 | INFO     | SecurityPipeline | _execute_pipeline_inner:2588 |   Audit Log:  /root/ml-projects/stock-prediction/security-ai/logs/audit_default_default_20260706_165327.jsonl
2026-07-06 16:53:34 | INFO     | SecurityPipeline | _execute_pipeline_inner:2589 | ======================================================================
