2026-07-04 09:29:07,963 - INFO - Starting Full Security AI Pipeline
2026-07-04 09:29:07,965 - INFO - Running: excel_parser.py
2026-07-04 09:29:11,100 - ERROR - Failed: excel_parser.py
2026-07-04 09:29:11,101 - ERROR - Traceback (most recent call last):
  File "/root/ml-projects/stock-prediction/security-ai/scripts/excel_parser.py", line 178, in <module>
    run(sample_file)
  File "/root/ml-projects/stock-prediction/security-ai/scripts/excel_parser.py", line 144, in run
    raise FileNotFoundError(
FileNotFoundError: File not found: /root/ml-projects/stock-prediction/security-ai/raw/pf_wages_reconciliation.xlsx

2026-07-04 09:40:25,609 - INFO - Starting Full Security AI Pipeline
2026-07-04 09:40:25,612 - INFO - Running: excel_parser.py
2026-07-04 09:40:29,003 - INFO - Completed: excel_parser.py (3.39 sec)
2026-07-04 09:40:29,004 - INFO - Running: employee_matching_engine.py
2026-07-04 09:40:31,906 - INFO - Completed: employee_matching_engine.py (2.9 sec)
2026-07-04 09:40:31,909 - INFO - Running: pf_reconciliation_engine.py
2026-07-04 09:40:34,236 - INFO - Completed: pf_reconciliation_engine.py (2.33 sec)
2026-07-04 09:40:34,239 - INFO - Running: esi_reconciliation_engine.py
2026-07-04 09:40:36,550 - INFO - Completed: esi_reconciliation_engine.py (2.31 sec)
2026-07-04 09:40:36,553 - INFO - Running: wage_anomaly_detector.py
2026-07-04 09:40:50,428 - INFO - Completed: wage_anomaly_detector.py (13.87 sec)
2026-07-04 09:40:50,432 - INFO - Running: compliance_risk_scoring_engine.py
2026-07-04 09:40:52,862 - INFO - Completed: compliance_risk_scoring_engine.py (2.43 sec)
2026-07-04 09:40:52,864 - INFO - Running: fraud_detection_engine.py
2026-07-04 09:40:55,317 - INFO - Completed: fraud_detection_engine.py (2.45 sec)
2026-07-04 09:40:55,317 - INFO - Running: site_performance_scoring_engine.py
2026-07-04 09:40:57,902 - INFO - Completed: site_performance_scoring_engine.py (2.58 sec)
2026-07-04 09:40:57,903 - INFO - All Security Pipelines Completed Successfully
2026-07-04 09:40:57,905 - INFO - Total Execution Time: 32.29 sec
